[C:/Мои Web Сайты/1/backblue.gif]
[C:/Мои Web Сайты/1/fade.gif]
[C:/Мои Web Сайты/1/index.html]
[C:/Мои Web Сайты/1/banks-off.ru/favicon.png]
[C:/Мои Web Сайты/1/pagead2.googlesyndication.com/pagead/js/f.txt]
[C:/Мои Web Сайты/1/cfv4.com/landings.js]
[C:/Мои Web Сайты/1/banks-off.ru/images/logo1.png]
[C:/Мои Web Сайты/1/banks-off.ru/soglasie.pdf]
[C:/Мои Web Сайты/1/banks-off.ru/images/1.jpg]
[C:/Мои Web Сайты/1/banks-off.ru/images/2.jpg]
[C:/Мои Web Сайты/1/banks-off.ru/images/3.jpg]
[C:/Мои Web Сайты/1/banks-off.ru/images/4.jpg]
[C:/Мои Web Сайты/1/banks-off.ru/images/5.jpg]
[C:/Мои Web Сайты/1/banks-off.ru/images/6.jpg]
[C:/Мои Web Сайты/1/banks-off.ru/images/7.jpg]
[C:/Мои Web Сайты/1/banks-off.ru/images/8.jpg]
[C:/Мои Web Сайты/1/banks-off.ru/images/9.jpg]
[C:/Мои Web Сайты/1/banks-off.ru/images/10.jpg]
[C:/Мои Web Сайты/1/banks-off.ru/images/11.jpg]
[C:/Мои Web Сайты/1/banks-off.ru/images/12.jpg]
[C:/Мои Web Сайты/1/banks-off.ru/images/img1.png]
[C:/Мои Web Сайты/1/banks-off.ru/images/img2.png]
[C:/Мои Web Сайты/1/banks-off.ru/images/img3.png]
[C:/Мои Web Сайты/1/banks-off.ru/images/img4.png]
[C:/Мои Web Сайты/1/banks-off.ru/images/img8.png]
[C:/Мои Web Сайты/1/banks-off.ru/images/img7.png]
[C:/Мои Web Сайты/1/banks-off.ru/images/img5.png]
[C:/Мои Web Сайты/1/banks-off.ru/images/img6.png]
[C:/Мои Web Сайты/1/banks-off.ru/images/img-otz11.jpg]
[C:/Мои Web Сайты/1/banks-off.ru/images/img-otz22.jpg]
[C:/Мои Web Сайты/1/cdn.jsdelivr.net/npm/suggestions-jquery@17.5.0/dist/css/suggestions.min.css]
[C:/Мои Web Сайты/1/ajax.googleapis.com/ajax/libs/jqueryui/1/jquery-ui.min.js]
[C:/Мои Web Сайты/1/banks-off.ru/index.html]
[C:/Мои Web Сайты/1/www.googletagmanager.com/gtm5445.html]
[C:/Мои Web Сайты/1/cdn.sendpulse.com/28edd3380a1c17cf65b137fe96516659/js/push/c01958ba5bc9f5da1cc43fc8a1065810_1.js]
[C:/Мои Web Сайты/1/cdn.jsdelivr.net/npm/suggestions-jquery@17.5.0/dist/css/suggestions.min.css]
[C:/Мои Web Сайты/1/cdn.jsdelivr.net/npm/suggestions-jquery@17.5.0/dist/js/jquery.suggestions.min.js]
